RAM Allocation [bytes]
Variable                                                                          Address   Size
------------------------------------------------------------------------------------------------
rx_wr_index0                                                                      0x0300       1
rx_rd_index0                                                                      0x0301       1
rx_counter0                                                                       0x0302       1
rx_buffer0                                                                        0x0303     150
fw_version                                                                        0x0399       6
request                                                                           0x039F     156
respond                                                                           0x043B     156
pl_write_register                                                                 0x04D7       6
test_transfer_request                                                             0x04DD     129
tx_buffer0                                                                        0x055E       8

EEPROM Allocation [bytes]
Variable                                                                          Address   Size
------------------------------------------------------------------------------------------------

Register Allocation
Variable                                                                          Register  Size
------------------------------------------------------------------------------------------------
hw_version                                                                        R4           1
get_status                                                                        R3           1
len                                                                               R6           1
rx_buffer_overflow0                                                               GPIOR0.0  1bit
tx_wr_index0                                                                      R5           1
tx_rd_index0                                                                      R8           1
tx_counter0                                                                       R7           1

FLASH Allocation [words]
Function                                                                          Address   Size
------------------------------------------------------------------------------------------------
main                                                                              0x00079     13
getCommand                                                                        0x00086     64
process_request                                                                   0x000C6     17
checksum                                                                          0x000D7     24
response_error_checksum                                                           0x000EF     15
execute_cmd                                                                       0x000FE     42
process_test_transfer                                                             0x00128     51
process_upgrade_start                                                             0x0015B     23
process_read_version                                                              0x00172     66
process_write_register                                                            0x001B4     47
send_respond                                                                      0x001E3     86
system_init                                                                       0x00239     93
usart_rx_isr                                                                      0x00296     50
getchar                                                                           0x002C8     32
usart_tx_isr                                                                      0x002E8     24
putchar                                                                           0x00300     30
memcpy                                                                            0x0031E     18
strncpy                                                                           0x00330     21
