RAM Allocation [bytes]
Variable                                                                          Address   Size
------------------------------------------------------------------------------------------------
rx_wr_index0                                                                      0x0300       1
rx_rd_index0                                                                      0x0301       1
rx_counter0                                                                       0x0302       1
rx_buffer0                                                                        0x0303     150
fw_version                                                                        0x0399       6
request                                                                           0x039F     156
respond                                                                           0x043B     156
upgrade_page_request                                                              0x04D7     129
tx_buffer0                                                                        0x0558       8

EEPROM Allocation [bytes]
Variable                                                                          Address   Size
------------------------------------------------------------------------------------------------

Register Allocation
Variable                                                                          Register  Size
------------------------------------------------------------------------------------------------
hw_version                                                                        R4           1
get_status                                                                        R3           1
len                                                                               R6           1
isUpgrade                                                                         R5           1
rx_buffer_overflow0                                                               GPIOR0.0  1bit
tx_wr_index0                                                                      R8           1
tx_rd_index0                                                                      R7           1
tx_counter0                                                                       R10          1

FLASH Allocation [words]
Function                                                                          Address   Size
------------------------------------------------------------------------------------------------
main                                                                              0x0387B     47
getCommand                                                                        0x038AA     74
process_request                                                                   0x038F4     17
checksum                                                                          0x03905     24
response_error_checksum                                                           0x0391D     16
execute_cmd                                                                       0x0392D     43
process_upgrade_start                                                             0x03958     16
process_read_version                                                              0x03968     66
send_respond                                                                      0x039AA     86
process_upgrade_page                                                              0x03A00     38
process_upgrade_finish                                                            0x03A26     29
boot_page_fill                                                                    0x03A43     17
boot_page_erase                                                                   0x03A54     17
boot_page_write                                                                   0x03A65     17
WritePage                                                                         0x03A76     58
__DataToR0ByteToSPMCR_SPM                                                         0x03AB0      7
system_init                                                                       0x03AB7     90
usart_rx_isr                                                                      0x03B11     50
getchar                                                                           0x03B43     32
usart_tx_isr                                                                      0x03B63     24
putchar                                                                           0x03B7B     30
memcpy                                                                            0x03B99     18
strncpy                                                                           0x03BAB     21
